---
http_interactions:
- request:
    method: get
    uri: http://www.archive.org/advancedsearch.php?fl%5B0%5D=*&fmt=json&q=title:%22momo%22%20AND%20creator:(ende)%20AND%20(mediatype:texts%20OR%20mediatype:audio)&rows=999&xmlsearch=Search
    body:
      encoding: US-ASCII
      string: ''
    headers:
      Accept:
      - ! '*/*'
      User-Agent:
      - Ruby
  response:
    status:
      code: 302
      message: Moved Temporarily
    headers:
      Server:
      - nginx/1.1.19
      Date:
      - Wed, 20 Mar 2013 17:34:10 GMT
      Content-Type:
      - text/html
      Content-Length:
      - '161'
      Connection:
      - keep-alive
      Location:
      - http://archive.org/advancedsearch.php?fl%5B%5D=*&fmt=json&xmlsearch=Search&rows=999&q=title:%22momo%22+AND+creator:%28ende%29+AND+(mediatype:texts+OR+mediatype:audio)
      Expires:
      - Wed, 20 Mar 2013 23:34:10 GMT
      Cache-Control:
      - max-age=21600
    body:
      encoding: US-ASCII
      string: ! "<html>\r\n<head><title>302 Found</title></head>\r\n<body bgcolor=\"white\">\r\n<center><h1>302
        Found</h1></center>\r\n<hr><center>nginx/1.1.19</center>\r\n</body>\r\n</html>\r\n"
    http_version: 
  recorded_at: Wed, 20 Mar 2013 17:34:10 GMT
- request:
    method: get
    uri: http://www.archive.org/advancedsearch.php?fl%5B0%5D=*&fmt=json&q=title:%22momo%22%20AND%20creator:(ende)%20AND%20(mediatype:texts%20OR%20mediatype:audio)&rows=999&xmlsearch=Search
    body:
      encoding: US-ASCII
      string: ''
    headers:
      Accept:
      - ! '*/*'
      User-Agent:
      - Ruby
  response:
    status:
      code: 302
      message: Moved Temporarily
    headers:
      Server:
      - nginx/1.1.19
      Date:
      - Wed, 20 Mar 2013 17:36:22 GMT
      Content-Type:
      - text/html
      Content-Length:
      - '161'
      Connection:
      - keep-alive
      Location:
      - http://archive.org/advancedsearch.php?fl%5B%5D=*&fmt=json&xmlsearch=Search&rows=999&q=title:%22momo%22+AND+creator:%28ende%29+AND+(mediatype:texts+OR+mediatype:audio)
      Expires:
      - Wed, 20 Mar 2013 23:36:22 GMT
      Cache-Control:
      - max-age=21600
    body:
      encoding: US-ASCII
      string: ! "<html>\r\n<head><title>302 Found</title></head>\r\n<body bgcolor=\"white\">\r\n<center><h1>302
        Found</h1></center>\r\n<hr><center>nginx/1.1.19</center>\r\n</body>\r\n</html>\r\n"
    http_version: 
  recorded_at: Wed, 20 Mar 2013 17:36:22 GMT
- request:
    method: get
    uri: http://www.archive.org/advancedsearch.php?fl%5B0%5D=*&fmt=json&q=title:%22momo%22%20AND%20creator:(ende)%20AND%20(mediatype:texts%20OR%20mediatype:audio)&rows=999&xmlsearch=Search
    body:
      encoding: US-ASCII
      string: ''
    headers:
      Accept:
      - ! '*/*'
      User-Agent:
      - Ruby
  response:
    status:
      code: 302
      message: Moved Temporarily
    headers:
      Server:
      - nginx/1.1.19
      Date:
      - Wed, 20 Mar 2013 17:38:40 GMT
      Content-Type:
      - text/html
      Content-Length:
      - '161'
      Connection:
      - keep-alive
      Location:
      - http://archive.org/advancedsearch.php?fl%5B%5D=*&fmt=json&xmlsearch=Search&rows=999&q=title:%22momo%22+AND+creator:%28ende%29+AND+(mediatype:texts+OR+mediatype:audio)
      Expires:
      - Wed, 20 Mar 2013 23:38:40 GMT
      Cache-Control:
      - max-age=21600
    body:
      encoding: US-ASCII
      string: ! "<html>\r\n<head><title>302 Found</title></head>\r\n<body bgcolor=\"white\">\r\n<center><h1>302
        Found</h1></center>\r\n<hr><center>nginx/1.1.19</center>\r\n</body>\r\n</html>\r\n"
    http_version: 
  recorded_at: Wed, 20 Mar 2013 17:38:41 GMT
- request:
    method: get
    uri: http://www.archive.org/advancedsearch.php?fl%5B0%5D=*&fmt=json&q=title:%22momo%22%20AND%20creator:(ende)%20AND%20(mediatype:texts%20OR%20mediatype:audio)&rows=999&xmlsearch=Search
    body:
      encoding: US-ASCII
      string: ''
    headers:
      Accept:
      - ! '*/*'
      User-Agent:
      - Ruby
  response:
    status:
      code: 302
      message: Moved Temporarily
    headers:
      Server:
      - nginx/1.1.19
      Date:
      - Wed, 20 Mar 2013 17:43:25 GMT
      Content-Type:
      - text/html
      Content-Length:
      - '161'
      Connection:
      - keep-alive
      Location:
      - http://archive.org/advancedsearch.php?fl%5B%5D=*&fmt=json&xmlsearch=Search&rows=999&q=title:%22momo%22+AND+creator:%28ende%29+AND+(mediatype:texts+OR+mediatype:audio)
      Expires:
      - Wed, 20 Mar 2013 23:43:25 GMT
      Cache-Control:
      - max-age=21600
    body:
      encoding: US-ASCII
      string: ! "<html>\r\n<head><title>302 Found</title></head>\r\n<body bgcolor=\"white\">\r\n<center><h1>302
        Found</h1></center>\r\n<hr><center>nginx/1.1.19</center>\r\n</body>\r\n</html>\r\n"
    http_version: 
  recorded_at: Wed, 20 Mar 2013 17:43:25 GMT
- request:
    method: get
    uri: http://www.archive.org/advancedsearch.php?fl%5B0%5D=*&fmt=json&q=title:%22momo%22%20AND%20creator:(ende)%20AND%20(mediatype:texts%20OR%20mediatype:audio)&rows=999&xmlsearch=Search
    body:
      encoding: US-ASCII
      string: ''
    headers:
      Accept:
      - ! '*/*'
      User-Agent:
      - Ruby
  response:
    status:
      code: 302
      message: Moved Temporarily
    headers:
      Server:
      - nginx/1.1.19
      Date:
      - Wed, 20 Mar 2013 17:43:49 GMT
      Content-Type:
      - text/html
      Content-Length:
      - '161'
      Connection:
      - keep-alive
      Location:
      - http://archive.org/advancedsearch.php?fl%5B%5D=*&fmt=json&xmlsearch=Search&rows=999&q=title:%22momo%22+AND+creator:%28ende%29+AND+(mediatype:texts+OR+mediatype:audio)
      Expires:
      - Wed, 20 Mar 2013 23:43:49 GMT
      Cache-Control:
      - max-age=21600
    body:
      encoding: US-ASCII
      string: ! "<html>\r\n<head><title>302 Found</title></head>\r\n<body bgcolor=\"white\">\r\n<center><h1>302
        Found</h1></center>\r\n<hr><center>nginx/1.1.19</center>\r\n</body>\r\n</html>\r\n"
    http_version: 
  recorded_at: Wed, 20 Mar 2013 17:43:49 GMT
- request:
    method: get
    uri: http://www.archive.org/advancedsearch.php?fl%5B0%5D=*&fmt=json&q=title:%22momo%22%20AND%20creator:(ende)%20AND%20(mediatype:texts%20OR%20mediatype:audio)&rows=999&xmlsearch=Search
    body:
      encoding: US-ASCII
      string: ''
    headers:
      Accept:
      - ! '*/*'
      User-Agent:
      - Ruby
  response:
    status:
      code: 302
      message: Moved Temporarily
    headers:
      Server:
      - nginx/1.1.19
      Date:
      - Wed, 20 Mar 2013 17:45:23 GMT
      Content-Type:
      - text/html
      Content-Length:
      - '161'
      Connection:
      - keep-alive
      Location:
      - http://archive.org/advancedsearch.php?fl%5B%5D=*&fmt=json&xmlsearch=Search&rows=999&q=title:%22momo%22+AND+creator:%28ende%29+AND+(mediatype:texts+OR+mediatype:audio)
      Expires:
      - Wed, 20 Mar 2013 23:45:23 GMT
      Cache-Control:
      - max-age=21600
    body:
      encoding: US-ASCII
      string: ! "<html>\r\n<head><title>302 Found</title></head>\r\n<body bgcolor=\"white\">\r\n<center><h1>302
        Found</h1></center>\r\n<hr><center>nginx/1.1.19</center>\r\n</body>\r\n</html>\r\n"
    http_version: 
  recorded_at: Wed, 20 Mar 2013 17:45:23 GMT
- request:
    method: get
    uri: http://www.archive.org/advancedsearch.php?fl%5B0%5D=*&fmt=json&q=title:%22momo%22%20AND%20creator:(ende)%20AND%20(mediatype:texts%20OR%20mediatype:audio)&rows=999&xmlsearch=Search
    body:
      encoding: US-ASCII
      string: ''
    headers:
      Accept:
      - ! '*/*'
      User-Agent:
      - Ruby
  response:
    status:
      code: 302
      message: Moved Temporarily
    headers:
      Server:
      - nginx/1.1.19
      Date:
      - Wed, 20 Mar 2013 17:45:48 GMT
      Content-Type:
      - text/html
      Content-Length:
      - '161'
      Connection:
      - keep-alive
      Location:
      - http://archive.org/advancedsearch.php?fl%5B%5D=*&fmt=json&xmlsearch=Search&rows=999&q=title:%22momo%22+AND+creator:%28ende%29+AND+(mediatype:texts+OR+mediatype:audio)
      Expires:
      - Wed, 20 Mar 2013 23:45:48 GMT
      Cache-Control:
      - max-age=21600
    body:
      encoding: US-ASCII
      string: ! "<html>\r\n<head><title>302 Found</title></head>\r\n<body bgcolor=\"white\">\r\n<center><h1>302
        Found</h1></center>\r\n<hr><center>nginx/1.1.19</center>\r\n</body>\r\n</html>\r\n"
    http_version: 
  recorded_at: Wed, 20 Mar 2013 17:45:48 GMT
- request:
    method: get
    uri: http://www.archive.org/advancedsearch.php?fl%5B0%5D=*&fmt=json&q=title:%22momo%22%20AND%20creator:(ende)%20AND%20(mediatype:texts%20OR%20mediatype:audio)&rows=999&xmlsearch=Search
    body:
      encoding: US-ASCII
      string: ''
    headers:
      Accept:
      - ! '*/*'
      User-Agent:
      - Ruby
  response:
    status:
      code: 302
      message: Moved Temporarily
    headers:
      Server:
      - nginx/1.1.19
      Date:
      - Wed, 20 Mar 2013 17:49:46 GMT
      Content-Type:
      - text/html
      Content-Length:
      - '161'
      Connection:
      - keep-alive
      Location:
      - http://archive.org/advancedsearch.php?fl%5B%5D=*&fmt=json&xmlsearch=Search&rows=999&q=title:%22momo%22+AND+creator:%28ende%29+AND+(mediatype:texts+OR+mediatype:audio)
      Expires:
      - Wed, 20 Mar 2013 23:49:46 GMT
      Cache-Control:
      - max-age=21600
    body:
      encoding: US-ASCII
      string: ! "<html>\r\n<head><title>302 Found</title></head>\r\n<body bgcolor=\"white\">\r\n<center><h1>302
        Found</h1></center>\r\n<hr><center>nginx/1.1.19</center>\r\n</body>\r\n</html>\r\n"
    http_version: 
  recorded_at: Wed, 20 Mar 2013 17:49:46 GMT
recorded_with: VCR 2.4.0
